// Jest Snapshot v1, https://goo.gl/fbAQLP

exports[`test DrawPage render page correctly 1`] = `
<div>
  <form>
    <input
      placeholder="Insira os nomes dos colaboradores"
      type="text"
      value=""
    />
    <button
      disabled=""
    >
      Adicionar
    </button>
  </form>
  <ul />
  <div>
    <button
      disabled=""
    >
      Iniciar sorteio
    </button>
  </div>
</div>
`;
